<?xml version="1.0" encoding="UTF-8"?>
<testsuites>
  <testsuite name="C:\laragon\www\ejoi8-payment-gateway\phpunit.xml" tests="101" assertions="291" errors="0" failures="0" skipped="0" time="4.296014">
    <testsuite name="Unit" tests="91" assertions="251" errors="0" failures="0" skipped="0" time="3.757542">
      <testsuite name="Ejoi8\PaymentGateway\Tests\Unit\PaymentModelTest" file="C:\laragon\www\ejoi8-payment-gateway\tests\Unit\PaymentModelTest.php" tests="11" assertions="51" errors="0" failures="0" skipped="0" time="0.728183">
        <testcase name="it_casts_attributes_correctly" file="C:\laragon\www\ejoi8-payment-gateway\tests\Unit\PaymentModelTest.php" line="79" class="Ejoi8\PaymentGateway\Tests\Unit\PaymentModelTest" classname="Ejoi8.PaymentGateway.Tests.Unit.PaymentModelTest" assertions="6" time="0.403109"/>
        <testcase name="it_uses_configured_table_name" file="C:\laragon\www\ejoi8-payment-gateway\tests\Unit\PaymentModelTest.php" line="251" class="Ejoi8\PaymentGateway\Tests\Unit\PaymentModelTest" classname="Ejoi8.PaymentGateway.Tests.Unit.PaymentModelTest" assertions="2" time="0.031158"/>
        <testcase name="it_formats_amount_with_currency" file="C:\laragon\www\ejoi8-payment-gateway\tests\Unit\PaymentModelTest.php" line="123" class="Ejoi8\PaymentGateway\Tests\Unit\PaymentModelTest" classname="Ejoi8.PaymentGateway.Tests.Unit.PaymentModelTest" assertions="1" time="0.032964"/>
        <testcase name="it_marks_payment_as_paid_correctly" file="C:\laragon\www\ejoi8-payment-gateway\tests\Unit\PaymentModelTest.php" line="169" class="Ejoi8\PaymentGateway\Tests\Unit\PaymentModelTest" classname="Ejoi8.PaymentGateway.Tests.Unit.PaymentModelTest" assertions="3" time="0.052943"/>
        <testcase name="it_provides_correct_status_badge_classes" file="C:\laragon\www\ejoi8-payment-gateway\tests\Unit\PaymentModelTest.php" line="139" class="Ejoi8\PaymentGateway\Tests\Unit\PaymentModelTest" classname="Ejoi8.PaymentGateway.Tests.Unit.PaymentModelTest" assertions="5" time="0.027002"/>
        <testcase name="it_has_status_constants" file="C:\laragon\www\ejoi8-payment-gateway\tests\Unit\PaymentModelTest.php" line="221" class="Ejoi8\PaymentGateway\Tests\Unit\PaymentModelTest" classname="Ejoi8.PaymentGateway.Tests.Unit.PaymentModelTest" assertions="5" time="0.026659"/>
        <testcase name="it_has_correct_fillable_attributes" file="C:\laragon\www\ejoi8-payment-gateway\tests\Unit\PaymentModelTest.php" line="44" class="Ejoi8\PaymentGateway\Tests\Unit\PaymentModelTest" classname="Ejoi8.PaymentGateway.Tests.Unit.PaymentModelTest" assertions="19" time="0.033645"/>
        <testcase name="it_builds_external_reference_query" file="C:\laragon\www\ejoi8-payment-gateway\tests\Unit\PaymentModelTest.php" line="230" class="Ejoi8\PaymentGateway\Tests\Unit\PaymentModelTest" classname="Ejoi8.PaymentGateway.Tests.Unit.PaymentModelTest" assertions="2" time="0.027518"/>
        <testcase name="it_generates_unique_reference_id" file="C:\laragon\www\ejoi8-payment-gateway\tests\Unit\PaymentModelTest.php" line="95" class="Ejoi8\PaymentGateway\Tests\Unit\PaymentModelTest" classname="Ejoi8.PaymentGateway.Tests.Unit.PaymentModelTest" assertions="3" time="0.032512"/>
        <testcase name="it_identifies_manual_payment_correctly" file="C:\laragon\www\ejoi8-payment-gateway\tests\Unit\PaymentModelTest.php" line="111" class="Ejoi8\PaymentGateway\Tests\Unit\PaymentModelTest" classname="Ejoi8.PaymentGateway.Tests.Unit.PaymentModelTest" assertions="2" time="0.029214"/>
        <testcase name="it_marks_payment_as_failed_correctly" file="C:\laragon\www\ejoi8-payment-gateway\tests\Unit\PaymentModelTest.php" line="198" class="Ejoi8\PaymentGateway\Tests\Unit\PaymentModelTest" classname="Ejoi8.PaymentGateway.Tests.Unit.PaymentModelTest" assertions="3" time="0.031459"/>
      </testsuite>
      <testsuite name="Tests\Unit\ChipInGatewayTest" file="C:\laragon\www\ejoi8-payment-gateway\tests\Unit\ChipInGatewayTest.php" tests="12" assertions="26" errors="0" failures="0" skipped="0" time="0.530948">
        <testcase name="test_callback_payment_update" file="C:\laragon\www\ejoi8-payment-gateway\tests\Unit\ChipInGatewayTest.php" line="233" class="Tests\Unit\ChipInGatewayTest" classname="Tests.Unit.ChipInGatewayTest" assertions="3" time="0.060576"/>
        <testcase name="test_test_environment" file="C:\laragon\www\ejoi8-payment-gateway\tests\Unit\ChipInGatewayTest.php" line="258" class="Tests\Unit\ChipInGatewayTest" classname="Tests.Unit.ChipInGatewayTest" assertions="2" time="0.075322"/>
        <testcase name="test_handle_connection_failures" file="C:\laragon\www\ejoi8-payment-gateway\tests\Unit\ChipInGatewayTest.php" line="135" class="Tests\Unit\ChipInGatewayTest" classname="Tests.Unit.ChipInGatewayTest" assertions="2" time="0.036639"/>
        <testcase name="test_handle_invalid_json_response" file="C:\laragon\www\ejoi8-payment-gateway\tests\Unit\ChipInGatewayTest.php" line="150" class="Tests\Unit\ChipInGatewayTest" classname="Tests.Unit.ChipInGatewayTest" assertions="2" time="0.033966"/>
        <testcase name="test_products_handling" file="C:\laragon\www\ejoi8-payment-gateway\tests\Unit\ChipInGatewayTest.php" line="276" class="Tests\Unit\ChipInGatewayTest" classname="Tests.Unit.ChipInGatewayTest" assertions="2" time="0.058597"/>
        <testcase name="test_environment_selection" file="C:\laragon\www\ejoi8-payment-gateway\tests\Unit\ChipInGatewayTest.php" line="119" class="Tests\Unit\ChipInGatewayTest" classname="Tests.Unit.ChipInGatewayTest" assertions="1" time="0.041967"/>
        <testcase name="test_verify_payment" file="C:\laragon\www\ejoi8-payment-gateway\tests\Unit\ChipInGatewayTest.php" line="102" class="Tests\Unit\ChipInGatewayTest" classname="Tests.Unit.ChipInGatewayTest" assertions="3" time="0.040358"/>
        <testcase name="test_handle_api_errors" file="C:\laragon\www\ejoi8-payment-gateway\tests\Unit\ChipInGatewayTest.php" line="85" class="Tests\Unit\ChipInGatewayTest" classname="Tests.Unit.ChipInGatewayTest" assertions="2" time="0.040420"/>
        <testcase name="test_multiple_payment_scenarios" file="C:\laragon\www\ejoi8-payment-gateway\tests\Unit\ChipInGatewayTest.php" line="185" class="Tests\Unit\ChipInGatewayTest" classname="Tests.Unit.ChipInGatewayTest" assertions="2" time="0.038493"/>
        <testcase name="test_create_payment" file="C:\laragon\www\ejoi8-payment-gateway\tests\Unit\ChipInGatewayTest.php" line="64" class="Tests\Unit\ChipInGatewayTest" classname="Tests.Unit.ChipInGatewayTest" assertions="3" time="0.034740"/>
        <testcase name="test_handle_callback" file="C:\laragon\www\ejoi8-payment-gateway\tests\Unit\ChipInGatewayTest.php" line="206" class="Tests\Unit\ChipInGatewayTest" classname="Tests.Unit.ChipInGatewayTest" assertions="3" time="0.034112"/>
        <testcase name="test_request_headers" file="C:\laragon\www\ejoi8-payment-gateway\tests\Unit\ChipInGatewayTest.php" line="165" class="Tests\Unit\ChipInGatewayTest" classname="Tests.Unit.ChipInGatewayTest" assertions="1" time="0.035758"/>
      </testsuite>
      <testsuite name="Ejoi8\PaymentGateway\Tests\Unit\PaymentServiceTest" file="C:\laragon\www\ejoi8-payment-gateway\tests\Unit\PaymentServiceTest.php" tests="9" assertions="20" errors="0" failures="0" skipped="0" time="0.282504">
        <testcase name="it_checks_if_gateway_exists_and_enabled" file="C:\laragon\www\ejoi8-payment-gateway\tests\Unit\PaymentServiceTest.php" line="216" class="Ejoi8\PaymentGateway\Tests\Unit\PaymentServiceTest" classname="Ejoi8.PaymentGateway.Tests.Unit.PaymentServiceTest" assertions="2" time="0.039843"/>
        <testcase name="it_fails_when_gateway_not_found" file="C:\laragon\www\ejoi8-payment-gateway\tests\Unit\PaymentServiceTest.php" line="114" class="Ejoi8\PaymentGateway\Tests\Unit\PaymentServiceTest" classname="Ejoi8.PaymentGateway.Tests.Unit.PaymentServiceTest" assertions="2" time="0.028469"/>
        <testcase name="it_handles_gateway_exceptions_gracefully" file="C:\laragon\www\ejoi8-payment-gateway\tests\Unit\PaymentServiceTest.php" line="146" class="Ejoi8\PaymentGateway\Tests\Unit\PaymentServiceTest" classname="Ejoi8.PaymentGateway.Tests.Unit.PaymentServiceTest" assertions="3" time="0.031873"/>
        <testcase name="it_fails_when_gateway_disabled" file="C:\laragon\www\ejoi8-payment-gateway\tests\Unit\PaymentServiceTest.php" line="129" class="Ejoi8\PaymentGateway\Tests\Unit\PaymentServiceTest" classname="Ejoi8.PaymentGateway.Tests.Unit.PaymentServiceTest" assertions="2" time="0.028016"/>
        <testcase name="it_gets_available_gateways_only_enabled_ones" file="C:\laragon\www\ejoi8-payment-gateway\tests\Unit\PaymentServiceTest.php" line="227" class="Ejoi8\PaymentGateway\Tests\Unit\PaymentServiceTest" classname="Ejoi8.PaymentGateway.Tests.Unit.PaymentServiceTest" assertions="3" time="0.030840"/>
        <testcase name="it_verifies_payment_successfully" file="C:\laragon\www\ejoi8-payment-gateway\tests\Unit\PaymentServiceTest.php" line="192" class="Ejoi8\PaymentGateway\Tests\Unit\PaymentServiceTest" classname="Ejoi8.PaymentGateway.Tests.Unit.PaymentServiceTest" assertions="2" time="0.028130"/>
        <testcase name="it_handles_callback_successfully" file="C:\laragon\www\ejoi8-payment-gateway\tests\Unit\PaymentServiceTest.php" line="168" class="Ejoi8\PaymentGateway\Tests\Unit\PaymentServiceTest" classname="Ejoi8.PaymentGateway.Tests.Unit.PaymentServiceTest" assertions="2" time="0.032815"/>
        <testcase name="it_creates_payment_with_valid_gateway" file="C:\laragon\www\ejoi8-payment-gateway\tests\Unit\PaymentServiceTest.php" line="83" class="Ejoi8\PaymentGateway\Tests\Unit\PaymentServiceTest" classname="Ejoi8.PaymentGateway.Tests.Unit.PaymentServiceTest" assertions="3" time="0.033539"/>
        <testcase name="it_creates_payment_with_external_reference" file="C:\laragon\www\ejoi8-payment-gateway\tests\Unit\PaymentServiceTest.php" line="252" class="Ejoi8\PaymentGateway\Tests\Unit\PaymentServiceTest" classname="Ejoi8.PaymentGateway.Tests.Unit.PaymentServiceTest" assertions="1" time="0.028979"/>
      </testsuite>
      <testsuite name="Ejoi8\PaymentGateway\Tests\Unit\ManualPaymentGatewayTest" file="C:\laragon\www\ejoi8-payment-gateway\tests\Unit\ManualPaymentGatewayTest.php" tests="14" assertions="53" errors="0" failures="0" skipped="0" time="0.564579">
        <testcase name="it_approves_payment_successfully" file="C:\laragon\www\ejoi8-payment-gateway\tests\Unit\ManualPaymentGatewayTest.php" line="201" class="Ejoi8\PaymentGateway\Tests\Unit\ManualPaymentGatewayTest" classname="Ejoi8.PaymentGateway.Tests.Unit.ManualPaymentGatewayTest" assertions="4" time="0.034449"/>
        <testcase name="it_fails_proof_upload_for_non_existent_payment" file="C:\laragon\www\ejoi8-payment-gateway\tests\Unit\ManualPaymentGatewayTest.php" line="192" class="Ejoi8\PaymentGateway\Tests\Unit\ManualPaymentGatewayTest" classname="Ejoi8.PaymentGateway.Tests.Unit.ManualPaymentGatewayTest" assertions="2" time="0.045339"/>
        <testcase name="it_validates_file_size_correctly" file="C:\laragon\www\ejoi8-payment-gateway\tests\Unit\ManualPaymentGatewayTest.php" line="250" class="Ejoi8\PaymentGateway\Tests\Unit\ManualPaymentGatewayTest" classname="Ejoi8.PaymentGateway.Tests.Unit.ManualPaymentGatewayTest" assertions="2" time="0.035282"/>
        <testcase name="it_rejects_invalid_file_extensions" file="C:\laragon\www\ejoi8-payment-gateway\tests\Unit\ManualPaymentGatewayTest.php" line="147" class="Ejoi8\PaymentGateway\Tests\Unit\ManualPaymentGatewayTest" classname="Ejoi8.PaymentGateway.Tests.Unit.ManualPaymentGatewayTest" assertions="3" time="0.038202"/>
        <testcase name="it_handles_proof_upload_for_existing_payment" file="C:\laragon\www\ejoi8-payment-gateway\tests\Unit\ManualPaymentGatewayTest.php" line="169" class="Ejoi8\PaymentGateway\Tests\Unit\ManualPaymentGatewayTest" classname="Ejoi8.PaymentGateway.Tests.Unit.ManualPaymentGatewayTest" assertions="3" time="0.053877"/>
        <testcase name="it_validates_required_amount_field" file="C:\laragon\www\ejoi8-payment-gateway\tests\Unit\ManualPaymentGatewayTest.php" line="124" class="Ejoi8\PaymentGateway\Tests\Unit\ManualPaymentGatewayTest" classname="Ejoi8.PaymentGateway.Tests.Unit.ManualPaymentGatewayTest" assertions="2" time="0.039162"/>
        <testcase name="it_returns_correct_gateway_name" file="C:\laragon\www\ejoi8-payment-gateway\tests\Unit\ManualPaymentGatewayTest.php" line="69" class="Ejoi8\PaymentGateway\Tests\Unit\ManualPaymentGatewayTest" classname="Ejoi8.PaymentGateway.Tests.Unit.ManualPaymentGatewayTest" assertions="1" time="0.037198"/>
        <testcase name="it_validates_file_extension_correctly" file="C:\laragon\www\ejoi8-payment-gateway\tests\Unit\ManualPaymentGatewayTest.php" line="267" class="Ejoi8\PaymentGateway\Tests\Unit\ManualPaymentGatewayTest" classname="Ejoi8.PaymentGateway.Tests.Unit.ManualPaymentGatewayTest" assertions="4" time="0.040809"/>
        <testcase name="it_validates_uploaded_file_comprehensively" file="C:\laragon\www\ejoi8-payment-gateway\tests\Unit\ManualPaymentGatewayTest.php" line="290" class="Ejoi8\PaymentGateway\Tests\Unit\ManualPaymentGatewayTest" classname="Ejoi8.PaymentGateway.Tests.Unit.ManualPaymentGatewayTest" assertions="5" time="0.040497"/>
        <testcase name="it_creates_manual_payment_with_proof" file="C:\laragon\www\ejoi8-payment-gateway\tests\Unit\ManualPaymentGatewayTest.php" line="96" class="Ejoi8\PaymentGateway\Tests\Unit\ManualPaymentGatewayTest" classname="Ejoi8.PaymentGateway.Tests.Unit.ManualPaymentGatewayTest" assertions="10" time="0.061795"/>
        <testcase name="it_rejects_oversized_files" file="C:\laragon\www\ejoi8-payment-gateway\tests\Unit\ManualPaymentGatewayTest.php" line="134" class="Ejoi8\PaymentGateway\Tests\Unit\ManualPaymentGatewayTest" classname="Ejoi8.PaymentGateway.Tests.Unit.ManualPaymentGatewayTest" assertions="2" time="0.034651"/>
        <testcase name="it_creates_manual_payment_without_proof" file="C:\laragon\www\ejoi8-payment-gateway\tests\Unit\ManualPaymentGatewayTest.php" line="73" class="Ejoi8\PaymentGateway\Tests\Unit\ManualPaymentGatewayTest" classname="Ejoi8.PaymentGateway.Tests.Unit.ManualPaymentGatewayTest" assertions="9" time="0.035861"/>
        <testcase name="it_rejects_payment_with_reason" file="C:\laragon\www\ejoi8-payment-gateway\tests\Unit\ManualPaymentGatewayTest.php" line="225" class="Ejoi8\PaymentGateway\Tests\Unit\ManualPaymentGatewayTest" classname="Ejoi8.PaymentGateway.Tests.Unit.ManualPaymentGatewayTest" assertions="4" time="0.035132"/>
        <testcase name="it_handles_callback_with_error_message" file="C:\laragon\www\ejoi8-payment-gateway\tests\Unit\ManualPaymentGatewayTest.php" line="162" class="Ejoi8\PaymentGateway\Tests\Unit\ManualPaymentGatewayTest" classname="Ejoi8.PaymentGateway.Tests.Unit.ManualPaymentGatewayTest" assertions="2" time="0.032326"/>
      </testsuite>
      <testsuite name="Ejoi8\PaymentGateway\Tests\Unit\PaymentControllerTest" file="C:\laragon\www\ejoi8-payment-gateway\tests\Unit\PaymentControllerTest.php" tests="26" assertions="45" errors="0" failures="0" skipped="0" time="0.978751">
        <testcase name="it_handles_manual_payment_rejection_failure" file="C:\laragon\www\ejoi8-payment-gateway\tests\Unit\PaymentControllerTest.php" line="657" class="Ejoi8\PaymentGateway\Tests\Unit\PaymentControllerTest" classname="Ejoi8.PaymentGateway.Tests.Unit.PaymentControllerTest" assertions="2" time="0.059293"/>
        <testcase name="it_verifies_payment_status" file="C:\laragon\www\ejoi8-payment-gateway\tests\Unit\PaymentControllerTest.php" line="532" class="Ejoi8\PaymentGateway\Tests\Unit\PaymentControllerTest" classname="Ejoi8.PaymentGateway.Tests.Unit.PaymentControllerTest" assertions="3" time="0.047157"/>
        <testcase name="it_redirects_to_upload_page_for_manual_payments" file="C:\laragon\www\ejoi8-payment-gateway\tests\Unit\PaymentControllerTest.php" line="117" class="Ejoi8\PaymentGateway\Tests\Unit\PaymentControllerTest" classname="Ejoi8.PaymentGateway.Tests.Unit.PaymentControllerTest" assertions="2" time="0.044855"/>
        <testcase name="it_processes_manual_upload_successfully" file="C:\laragon\www\ejoi8-payment-gateway\tests\Unit\PaymentControllerTest.php" line="450" class="Ejoi8\PaymentGateway\Tests\Unit\PaymentControllerTest" classname="Ejoi8.PaymentGateway.Tests.Unit.PaymentControllerTest" assertions="2" time="0.032070"/>
        <testcase name="it_gets_payment_from_request_parameter" file="C:\laragon\www\ejoi8-payment-gateway\tests\Unit\PaymentControllerTest.php" line="683" class="Ejoi8\PaymentGateway\Tests\Unit\PaymentControllerTest" classname="Ejoi8.PaymentGateway.Tests.Unit.PaymentControllerTest" assertions="1" time="0.031021"/>
        <testcase name="it_creates_payment_successfully" file="C:\laragon\www\ejoi8-payment-gateway\tests\Unit\PaymentControllerTest.php" line="81" class="Ejoi8\PaymentGateway\Tests\Unit\PaymentControllerTest" classname="Ejoi8.PaymentGateway.Tests.Unit.PaymentControllerTest" assertions="2" time="0.034910"/>
        <testcase name="it_handles_callback_with_paid_status" file="C:\laragon\www\ejoi8-payment-gateway\tests\Unit\PaymentControllerTest.php" line="193" class="Ejoi8\PaymentGateway\Tests\Unit\PaymentControllerTest" classname="Ejoi8.PaymentGateway.Tests.Unit.PaymentControllerTest" assertions="2" time="0.031415"/>
        <testcase name="it_validates_upload_file_requirements" file="C:\laragon\www\ejoi8-payment-gateway\tests\Unit\PaymentControllerTest.php" line="486" class="Ejoi8\PaymentGateway\Tests\Unit\PaymentControllerTest" classname="Ejoi8.PaymentGateway.Tests.Unit.PaymentControllerTest" assertions="1" time="0.035810"/>
        <testcase name="it_rejects_manual_payment_with_reason" file="C:\laragon\www\ejoi8-payment-gateway\tests\Unit\PaymentControllerTest.php" line="607" class="Ejoi8\PaymentGateway\Tests\Unit\PaymentControllerTest" classname="Ejoi8.PaymentGateway.Tests.Unit.PaymentControllerTest" assertions="2" time="0.031794"/>
        <testcase name="it_handles_callback_with_failed_status" file="C:\laragon\www\ejoi8-payment-gateway\tests\Unit\PaymentControllerTest.php" line="229" class="Ejoi8\PaymentGateway\Tests\Unit\PaymentControllerTest" classname="Ejoi8.PaymentGateway.Tests.Unit.PaymentControllerTest" assertions="2" time="0.034601"/>
        <testcase name="it_returns_404_for_non_manual_payment_upload" file="C:\laragon\www\ejoi8-payment-gateway\tests\Unit\PaymentControllerTest.php" line="510" class="Ejoi8\PaymentGateway\Tests\Unit\PaymentControllerTest" classname="Ejoi8.PaymentGateway.Tests.Unit.PaymentControllerTest" assertions="1" time="0.034298"/>
        <testcase name="it_logs_callback_requests" file="C:\laragon\www\ejoi8-payment-gateway\tests\Unit\PaymentControllerTest.php" line="290" class="Ejoi8\PaymentGateway\Tests\Unit\PaymentControllerTest" classname="Ejoi8.PaymentGateway.Tests.Unit.PaymentControllerTest" assertions="1" time="0.038155"/>
        <testcase name="it_displays_success_page_with_payment_from_session" file="C:\laragon\www\ejoi8-payment-gateway\tests\Unit\PaymentControllerTest.php" line="337" class="Ejoi8\PaymentGateway\Tests\Unit\PaymentControllerTest" classname="Ejoi8.PaymentGateway.Tests.Unit.PaymentControllerTest" assertions="2" time="0.049440"/>
        <testcase name="it_handles_manual_payment_approval_failure" file="C:\laragon\www\ejoi8-payment-gateway\tests\Unit\PaymentControllerTest.php" line="583" class="Ejoi8\PaymentGateway\Tests\Unit\PaymentControllerTest" classname="Ejoi8.PaymentGateway.Tests.Unit.PaymentControllerTest" assertions="2" time="0.037849"/>
        <testcase name="it_displays_success_page_with_payment_from_request" file="C:\laragon\www\ejoi8-payment-gateway\tests\Unit\PaymentControllerTest.php" line="311" class="Ejoi8\PaymentGateway\Tests\Unit\PaymentControllerTest" classname="Ejoi8.PaymentGateway.Tests.Unit.PaymentControllerTest" assertions="2" time="0.036571"/>
        <testcase name="it_shows_payment_details" file="C:\laragon\www\ejoi8-payment-gateway\tests\Unit\PaymentControllerTest.php" line="385" class="Ejoi8\PaymentGateway\Tests\Unit\PaymentControllerTest" classname="Ejoi8.PaymentGateway.Tests.Unit.PaymentControllerTest" assertions="2" time="0.032765"/>
        <testcase name="it_rejects_manual_payment_without_reason" file="C:\laragon\www\ejoi8-payment-gateway\tests\Unit\PaymentControllerTest.php" line="633" class="Ejoi8\PaymentGateway\Tests\Unit\PaymentControllerTest" classname="Ejoi8.PaymentGateway.Tests.Unit.PaymentControllerTest" assertions="2" time="0.033890"/>
        <testcase name="it_displays_manual_upload_form" file="C:\laragon\www\ejoi8-payment-gateway\tests\Unit\PaymentControllerTest.php" line="423" class="Ejoi8\PaymentGateway\Tests\Unit\PaymentControllerTest" classname="Ejoi8.PaymentGateway.Tests.Unit.PaymentControllerTest" assertions="2" time="0.037336"/>
        <testcase name="it_validates_required_fields_for_payment_creation" file="C:\laragon\www\ejoi8-payment-gateway\tests\Unit\PaymentControllerTest.php" line="179" class="Ejoi8\PaymentGateway\Tests\Unit\PaymentControllerTest" classname="Ejoi8.PaymentGateway.Tests.Unit.PaymentControllerTest" assertions="1" time="0.039505"/>
        <testcase name="it_returns_json_error_when_callback_fails" file="C:\laragon\www\ejoi8-payment-gateway\tests\Unit\PaymentControllerTest.php" line="263" class="Ejoi8\PaymentGateway\Tests\Unit\PaymentControllerTest" classname="Ejoi8.PaymentGateway.Tests.Unit.PaymentControllerTest" assertions="2" time="0.033720"/>
        <testcase name="it_gets_payment_from_session" file="C:\laragon\www\ejoi8-payment-gateway\tests\Unit\PaymentControllerTest.php" line="703" class="Ejoi8\PaymentGateway\Tests\Unit\PaymentControllerTest" classname="Ejoi8.PaymentGateway.Tests.Unit.PaymentControllerTest" assertions="1" time="0.035632"/>
        <testcase name="it_returns_back_with_errors_when_payment_creation_fails" file="C:\laragon\www\ejoi8-payment-gateway\tests\Unit\PaymentControllerTest.php" line="149" class="Ejoi8\PaymentGateway\Tests\Unit\PaymentControllerTest" classname="Ejoi8.PaymentGateway.Tests.Unit.PaymentControllerTest" assertions="2" time="0.046451"/>
        <testcase name="it_returns_404_when_payment_not_found" file="C:\laragon\www\ejoi8-payment-gateway\tests\Unit\PaymentControllerTest.php" line="409" class="Ejoi8\PaymentGateway\Tests\Unit\PaymentControllerTest" classname="Ejoi8.PaymentGateway.Tests.Unit.PaymentControllerTest" assertions="1" time="0.030241"/>
        <testcase name="it_approves_manual_payment" file="C:\laragon\www\ejoi8-payment-gateway\tests\Unit\PaymentControllerTest.php" line="559" class="Ejoi8\PaymentGateway\Tests\Unit\PaymentControllerTest" classname="Ejoi8.PaymentGateway.Tests.Unit.PaymentControllerTest" assertions="2" time="0.036773"/>
        <testcase name="it_displays_failed_page" file="C:\laragon\www\ejoi8-payment-gateway\tests\Unit\PaymentControllerTest.php" line="359" class="Ejoi8\PaymentGateway\Tests\Unit\PaymentControllerTest" classname="Ejoi8.PaymentGateway.Tests.Unit.PaymentControllerTest" assertions="2" time="0.034701"/>
        <testcase name="it_returns_null_when_no_payment_found" file="C:\laragon\www\ejoi8-payment-gateway\tests\Unit\PaymentControllerTest.php" line="719" class="Ejoi8\PaymentGateway\Tests\Unit\PaymentControllerTest" classname="Ejoi8.PaymentGateway.Tests.Unit.PaymentControllerTest" assertions="1" time="0.038501"/>
      </testsuite>
      <testsuite name="Ejoi8\PaymentGateway\Tests\Unit\BaseGatewayTest" file="C:\laragon\www\ejoi8-payment-gateway\tests\Unit\BaseGatewayTest.php" tests="14" assertions="35" errors="0" failures="0" skipped="0" time="0.480207">
        <testcase name="it_returns_gateway_config" file="C:\laragon\www\ejoi8-payment-gateway\tests\Unit\BaseGatewayTest.php" line="338" class="Ejoi8\PaymentGateway\Tests\Unit\BaseGatewayTest" classname="Ejoi8.PaymentGateway.Tests.Unit.BaseGatewayTest" assertions="1" time="0.030751"/>
        <testcase name="it_checks_if_enabled_from_config" file="C:\laragon\www\ejoi8-payment-gateway\tests\Unit\BaseGatewayTest.php" line="317" class="Ejoi8\PaymentGateway\Tests\Unit\BaseGatewayTest" classname="Ejoi8.PaymentGateway.Tests.Unit.BaseGatewayTest" assertions="3" time="0.030589"/>
        <testcase name="it_does_not_log_when_no_payment_exists" file="C:\laragon\www\ejoi8-payment-gateway\tests\Unit\BaseGatewayTest.php" line="287" class="Ejoi8\PaymentGateway\Tests\Unit\BaseGatewayTest" classname="Ejoi8.PaymentGateway.Tests.Unit.BaseGatewayTest" assertions="0" time="0.037587"/>
        <testcase name="it_throws_exception_for_missing_required_fields" file="C:\laragon\www\ejoi8-payment-gateway\tests\Unit\BaseGatewayTest.php" line="113" class="Ejoi8\PaymentGateway\Tests\Unit\BaseGatewayTest" classname="Ejoi8.PaymentGateway.Tests.Unit.BaseGatewayTest" assertions="2" time="0.034969"/>
        <testcase name="it_throws_exception_for_empty_required_fields" file="C:\laragon\www\ejoi8-payment-gateway\tests\Unit\BaseGatewayTest.php" line="134" class="Ejoi8\PaymentGateway\Tests\Unit\BaseGatewayTest" classname="Ejoi8.PaymentGateway.Tests.Unit.BaseGatewayTest" assertions="2" time="0.034714"/>
        <testcase name="it_creates_payment_record_with_external_reference" file="C:\laragon\www\ejoi8-payment-gateway\tests\Unit\BaseGatewayTest.php" line="229" class="Ejoi8\PaymentGateway\Tests\Unit\BaseGatewayTest" classname="Ejoi8.PaymentGateway.Tests.Unit.BaseGatewayTest" assertions="6" time="0.035514"/>
        <testcase name="it_formats_amount_correctly" file="C:\laragon\www\ejoi8-payment-gateway\tests\Unit\BaseGatewayTest.php" line="77" class="Ejoi8\PaymentGateway\Tests\Unit\BaseGatewayTest" classname="Ejoi8.PaymentGateway.Tests.Unit.BaseGatewayTest" assertions="4" time="0.029135"/>
        <testcase name="it_generates_success_url_correctly" file="C:\laragon\www\ejoi8-payment-gateway\tests\Unit\BaseGatewayTest.php" line="170" class="Ejoi8\PaymentGateway\Tests\Unit\BaseGatewayTest" classname="Ejoi8.PaymentGateway.Tests.Unit.BaseGatewayTest" assertions="2" time="0.033458"/>
        <testcase name="it_validates_required_fields_successfully" file="C:\laragon\www\ejoi8-payment-gateway\tests\Unit\BaseGatewayTest.php" line="92" class="Ejoi8\PaymentGateway\Tests\Unit\BaseGatewayTest" classname="Ejoi8.PaymentGateway.Tests.Unit.BaseGatewayTest" assertions="0" time="0.032861"/>
        <testcase name="it_generates_failed_url_correctly" file="C:\laragon\www\ejoi8-payment-gateway\tests\Unit\BaseGatewayTest.php" line="186" class="Ejoi8\PaymentGateway\Tests\Unit\BaseGatewayTest" classname="Ejoi8.PaymentGateway.Tests.Unit.BaseGatewayTest" assertions="2" time="0.037401"/>
        <testcase name="it_logs_gateway_response_when_payment_exists" file="C:\laragon\www\ejoi8-payment-gateway\tests\Unit\BaseGatewayTest.php" line="256" class="Ejoi8\PaymentGateway\Tests\Unit\BaseGatewayTest" classname="Ejoi8.PaymentGateway.Tests.Unit.BaseGatewayTest" assertions="1" time="0.034070"/>
        <testcase name="it_creates_payment_record_with_defaults" file="C:\laragon\www\ejoi8-payment-gateway\tests\Unit\BaseGatewayTest.php" line="202" class="Ejoi8\PaymentGateway\Tests\Unit\BaseGatewayTest" classname="Ejoi8.PaymentGateway.Tests.Unit.BaseGatewayTest" assertions="6" time="0.036911"/>
        <testcase name="it_returns_default_verification_response" file="C:\laragon\www\ejoi8-payment-gateway\tests\Unit\BaseGatewayTest.php" line="307" class="Ejoi8\PaymentGateway\Tests\Unit\BaseGatewayTest" classname="Ejoi8.PaymentGateway.Tests.Unit.BaseGatewayTest" assertions="3" time="0.038272"/>
        <testcase name="it_generates_callback_url_correctly" file="C:\laragon\www\ejoi8-payment-gateway\tests\Unit\BaseGatewayTest.php" line="153" class="Ejoi8\PaymentGateway\Tests\Unit\BaseGatewayTest" classname="Ejoi8.PaymentGateway.Tests.Unit.BaseGatewayTest" assertions="3" time="0.033975"/>
      </testsuite>
      <testsuite name="Tests\Unit\ToyyibpayGatewayTest" file="C:\laragon\www\ejoi8-payment-gateway\tests\Unit\ToyyibpayGatewayTest.php" tests="5" assertions="21" errors="0" failures="0" skipped="0" time="0.192370">
        <testcase name="test_sandbox_vs_production_environments" file="C:\laragon\www\ejoi8-payment-gateway\tests\Unit\ToyyibpayGatewayTest.php" line="184" class="Tests\Unit\ToyyibpayGatewayTest" classname="Tests.Unit.ToyyibpayGatewayTest" assertions="4" time="0.041628"/>
        <testcase name="test_supports_multiple_payment_methods" file="C:\laragon\www\ejoi8-payment-gateway\tests\Unit\ToyyibpayGatewayTest.php" line="142" class="Tests\Unit\ToyyibpayGatewayTest" classname="Tests.Unit.ToyyibpayGatewayTest" assertions="8" time="0.039035"/>
        <testcase name="test_verify_payment_status" file="C:\laragon\www\ejoi8-payment-gateway\tests\Unit\ToyyibpayGatewayTest.php" line="126" class="Tests\Unit\ToyyibpayGatewayTest" classname="Tests.Unit.ToyyibpayGatewayTest" assertions="3" time="0.032603"/>
        <testcase name="test_create_payment" file="C:\laragon\www\ejoi8-payment-gateway\tests\Unit\ToyyibpayGatewayTest.php" line="79" class="Tests\Unit\ToyyibpayGatewayTest" classname="Tests.Unit.ToyyibpayGatewayTest" assertions="3" time="0.039203"/>
        <testcase name="test_handle_callback" file="C:\laragon\www\ejoi8-payment-gateway\tests\Unit\ToyyibpayGatewayTest.php" line="101" class="Tests\Unit\ToyyibpayGatewayTest" classname="Tests.Unit.ToyyibpayGatewayTest" assertions="3" time="0.039902"/>
      </testsuite>
    </testsuite>
    <testsuite name="Feature" tests="10" assertions="40" errors="0" failures="0" skipped="0" time="0.538472">
      <testsuite name="Ejoi8\PaymentGateway\Tests\Feature\PaymentIntegrationTest" file="C:\laragon\www\ejoi8-payment-gateway\tests\Feature\PaymentIntegrationTest.php" tests="10" assertions="40" errors="0" failures="0" skipped="0" time="0.538472">
        <testcase name="it_provides_correct_status_badge_classes" file="C:\laragon\www\ejoi8-payment-gateway\tests\Feature\PaymentIntegrationTest.php" line="330" class="Ejoi8\PaymentGateway\Tests\Feature\PaymentIntegrationTest" classname="Ejoi8.PaymentGateway.Tests.Feature.PaymentIntegrationTest" assertions="5" time="0.042074"/>
        <testcase name="it_creates_payment_record_in_database" file="C:\laragon\www\ejoi8-payment-gateway\tests\Feature\PaymentIntegrationTest.php" line="91" class="Ejoi8\PaymentGateway\Tests\Feature\PaymentIntegrationTest" classname="Ejoi8.PaymentGateway.Tests.Feature.PaymentIntegrationTest" assertions="4" time="0.044141"/>
        <testcase name="it_filters_payments_by_external_reference_scope" file="C:\laragon\www\ejoi8-payment-gateway\tests\Feature\PaymentIntegrationTest.php" line="358" class="Ejoi8\PaymentGateway\Tests\Feature\PaymentIntegrationTest" classname="Ejoi8.PaymentGateway.Tests.Feature.PaymentIntegrationTest" assertions="5" time="0.043552"/>
        <testcase name="it_generates_unique_reference_ids" file="C:\laragon\www\ejoi8-payment-gateway\tests\Feature\PaymentIntegrationTest.php" line="401" class="Ejoi8\PaymentGateway\Tests\Feature\PaymentIntegrationTest" classname="Ejoi8.PaymentGateway.Tests.Feature.PaymentIntegrationTest" assertions="3" time="0.042446"/>
        <testcase name="it_calculates_formatted_amount_correctly" file="C:\laragon\www\ejoi8-payment-gateway\tests\Feature\PaymentIntegrationTest.php" line="283" class="Ejoi8\PaymentGateway\Tests\Feature\PaymentIntegrationTest" classname="Ejoi8.PaymentGateway.Tests.Feature.PaymentIntegrationTest" assertions="1" time="0.042728"/>
        <testcase name="it_uses_query_scopes_correctly" file="C:\laragon\www\ejoi8-payment-gateway\tests\Feature\PaymentIntegrationTest.php" line="237" class="Ejoi8\PaymentGateway\Tests\Feature\PaymentIntegrationTest" classname="Ejoi8.PaymentGateway.Tests.Feature.PaymentIntegrationTest" assertions="6" time="0.042963"/>
        <testcase name="it_handles_payment_status_transitions" file="C:\laragon\www\ejoi8-payment-gateway\tests\Feature\PaymentIntegrationTest.php" line="195" class="Ejoi8\PaymentGateway\Tests\Feature\PaymentIntegrationTest" classname="Ejoi8.PaymentGateway.Tests.Feature.PaymentIntegrationTest" assertions="8" time="0.046572"/>
        <testcase name="it_identifies_manual_payments" file="C:\laragon\www\ejoi8-payment-gateway\tests\Feature\PaymentIntegrationTest.php" line="303" class="Ejoi8\PaymentGateway\Tests\Feature\PaymentIntegrationTest" classname="Ejoi8.PaymentGateway.Tests.Feature.PaymentIntegrationTest" assertions="2" time="0.050637"/>
        <testcase name="it_creates_payment_with_external_reference" file="C:\laragon\www\ejoi8-payment-gateway\tests\Feature\PaymentIntegrationTest.php" line="125" class="Ejoi8\PaymentGateway\Tests\Feature\PaymentIntegrationTest" classname="Ejoi8.PaymentGateway.Tests.Feature.PaymentIntegrationTest" assertions="2" time="0.037757"/>
        <testcase name="it_finds_payments_by_external_reference" file="C:\laragon\www\ejoi8-payment-gateway\tests\Feature\PaymentIntegrationTest.php" line="151" class="Ejoi8\PaymentGateway\Tests\Feature\PaymentIntegrationTest" classname="Ejoi8.PaymentGateway.Tests.Feature.PaymentIntegrationTest" assertions="4" time="0.145603"/>
      </testsuite>
    </testsuite>
  </testsuite>
</testsuites>
